// Jest Snapshot v1, https://goo.gl/fbAQLP

exports[`ADMIN | Pages | Profile page renders and matches the snapshot 1`] = `
.c23 {
  font-size: 0.75rem;
  line-height: 1.33;
  font-weight: 600;
  color: #32324d;
}

.c25 {
  font-size: 0.875rem;
  line-height: 1.43;
  color: #d02b20;
}

.c21 {
  -webkit-align-items: stretch;
  -webkit-box-align: stretch;
  -ms-flex-align: stretch;
  align-items: stretch;
  display: -webkit-box;
  display: -webkit-flex;
  display: -ms-flexbox;
  display: flex;
  -webkit-flex-direction: column;
  -ms-flex-direction: column;
  flex-direction: column;
}

.c24 {
  -webkit-align-items: center;
  -webkit-box-align: center;
  -ms-flex-align: center;
  align-items: center;
  display: -webkit-box;
  display: -webkit-flex;
  display: -ms-flexbox;
  display: flex;
  -webkit-flex-direction: row;
  -ms-flex-direction: row;
  flex-direction: row;
}

.c27 {
  -webkit-align-items: center;
  -webkit-box-align: center;
  -ms-flex-align: center;
  align-items: center;
  display: -webkit-box;
  display: -webkit-flex;
  display: -ms-flexbox;
  display: flex;
  -webkit-flex-direction: row;
  -ms-flex-direction: row;
  flex-direction: row;
  -webkit-box-pack: justify;
  -webkit-justify-content: space-between;
  -ms-flex-pack: justify;
  justify-content: space-between;
}

.c22 > * {
  margin-top: 0;
  margin-bottom: 0;
}

.c22 > * + * {
  margin-top: 4px;
}

.c26 {
  line-height: 0;
}

.c29 {
  border: none;
  border-radius: 4px;
  padding-bottom: 0.65625rem;
  padding-left: 16px;
  padding-right: 16px;
  padding-top: 0.65625rem;
  color: #32324d;
  font-weight: 400;
  font-size: 0.875rem;
  display: block;
  width: 100%;
  background: inherit;
}

.c29::-webkit-input-placeholder {
  color: #8e8ea9;
  opacity: 1;
}

.c29::-moz-placeholder {
  color: #8e8ea9;
  opacity: 1;
}

.c29:-ms-input-placeholder {
  color: #8e8ea9;
  opacity: 1;
}

.c29::placeholder {
  color: #8e8ea9;
  opacity: 1;
}

.c29[aria-disabled='true'] {
  color: inherit;
}

.c29:focus {
  outline: none;
  box-shadow: none;
}

.c28 {
  border: 1px solid #dcdce4;
  border-radius: 4px;
  background: #ffffff;
  outline: none;
  box-shadow: 0;
  -webkit-transition-property: border-color,box-shadow,fill;
  transition-property: border-color,box-shadow,fill;
  -webkit-transition-duration: 0.2s;
  transition-duration: 0.2s;
}

.c28:focus-within {
  border: 1px solid #4945ff;
  box-shadow: #4945ff 0px 0px 0px 2px;
}

.c2 {
  background: #f6f6f9;
  padding-top: 40px;
  padding-right: 56px;
  padding-bottom: 40px;
  padding-left: 56px;
}

.c13 {
  padding-right: 56px;
  padding-left: 56px;
}

.c9 {
  padding-right: 8px;
}

.c12 {
  padding-bottom: 56px;
}

.c16 {
  background: #ffffff;
  padding-top: 24px;
  padding-right: 32px;
  padding-bottom: 24px;
  padding-left: 32px;
  border-radius: 4px;
  box-shadow: 0px 1px 4px rgba(33,33,52,0.1);
}

.c35 {
  padding-right: 12px;
  padding-left: 8px;
}

.c43 {
  padding-right: 16px;
  padding-left: 16px;
}

.c46 {
  padding-left: 12px;
}

.c3 {
  -webkit-align-items: center;
  -webkit-box-align: center;
  -ms-flex-align: center;
  align-items: center;
  display: -webkit-box;
  display: -webkit-flex;
  display: -ms-flexbox;
  display: flex;
  -webkit-flex-direction: row;
  -ms-flex-direction: row;
  flex-direction: row;
  -webkit-box-pack: justify;
  -webkit-justify-content: space-between;
  -ms-flex-pack: justify;
  justify-content: space-between;
}

.c4 {
  -webkit-align-items: center;
  -webkit-box-align: center;
  -ms-flex-align: center;
  align-items: center;
  display: -webkit-box;
  display: -webkit-flex;
  display: -ms-flexbox;
  display: flex;
  -webkit-flex-direction: row;
  -ms-flex-direction: row;
  flex-direction: row;
}

.c14 {
  -webkit-align-items: stretch;
  -webkit-box-align: stretch;
  -ms-flex-align: stretch;
  align-items: stretch;
  display: -webkit-box;
  display: -webkit-flex;
  display: -ms-flexbox;
  display: flex;
  -webkit-flex-direction: column;
  -ms-flex-direction: column;
  flex-direction: column;
}

.c6 {
  font-weight: 600;
  font-size: 2rem;
  line-height: 1.25;
  color: #32324d;
}

.c11 {
  font-size: 0.75rem;
  line-height: 1.33;
  font-weight: 600;
  line-height: 1.14;
  color: #32324d;
}

.c18 {
  font-weight: 500;
  font-size: 1rem;
  line-height: 1.25;
  color: #32324d;
}

.c31 {
  font-size: 0.75rem;
  line-height: 1.33;
  font-weight: 600;
  color: #32324d;
}

.c38 {
  font-size: 0.875rem;
  line-height: 1.43;
  color: #32324d;
}

.c44 {
  font-size: 0.875rem;
  line-height: 1.43;
  display: block;
  white-space: nowrap;
  overflow: hidden;
  text-overflow: ellipsis;
  color: #32324d;
}

.c48 {
  font-size: 0.75rem;
  line-height: 1.33;
  color: #666687;
}

.c15 > * {
  margin-top: 0;
  margin-bottom: 0;
}

.c15 > * + * {
  margin-top: 24px;
}

.c17 > * {
  margin-top: 0;
  margin-bottom: 0;
}

.c17 > * + * {
  margin-top: 16px;
}

.c30 > * {
  margin-top: 0;
  margin-bottom: 0;
}

.c30 > * + * {
  margin-top: 4px;
}

.c7 {
  display: -webkit-box;
  display: -webkit-flex;
  display: -ms-flexbox;
  display: flex;
  cursor: pointer;
  padding: 8px;
  border-radius: 4px;
  background: #ffffff;
  border: 1px solid #dcdce4;
  position: relative;
  outline: none;
}

.c7 svg {
  height: 12px;
  width: 12px;
}

.c7 svg > g,
.c7 svg path {
  fill: #ffffff;
}

.c7[aria-disabled='true'] {
  pointer-events: none;
}

.c7:after {
  -webkit-transition-property: all;
  transition-property: all;
  -webkit-transition-duration: 0.2s;
  transition-duration: 0.2s;
  border-radius: 8px;
  content: '';
  position: absolute;
  top: -4px;
  bottom: -4px;
  left: -4px;
  right: -4px;
  border: 2px solid transparent;
}

.c7:focus-visible {
  outline: none;
}

.c7:focus-visible:after {
  border-radius: 8px;
  content: '';
  position: absolute;
  top: -5px;
  bottom: -5px;
  left: -5px;
  right: -5px;
  border: 2px solid #4945ff;
}

.c10 {
  height: 100%;
}

.c8 {
  -webkit-align-items: center;
  -webkit-box-align: center;
  -ms-flex-align: center;
  align-items: center;
  background-color: #4945ff;
  border: 1px solid #4945ff;
  height: 2rem;
  padding-left: 16px;
  padding-right: 16px;
}

.c8 .c1 {
  display: -webkit-box;
  display: -webkit-flex;
  display: -ms-flexbox;
  display: flex;
  -webkit-align-items: center;
  -webkit-box-align: center;
  -ms-flex-align: center;
  align-items: center;
}

.c8 .c5 {
  color: #ffffff;
}

.c8[aria-disabled='true'] {
  border: 1px solid #dcdce4;
  background: #eaeaef;
}

.c8[aria-disabled='true'] .c5 {
  color: #666687;
}

.c8[aria-disabled='true'] svg > g,.c8[aria-disabled='true'] svg path {
  fill: #666687;
}

.c8[aria-disabled='true']:active {
  border: 1px solid #dcdce4;
  background: #eaeaef;
}

.c8[aria-disabled='true']:active .c5 {
  color: #666687;
}

.c8[aria-disabled='true']:active svg > g,.c8[aria-disabled='true']:active svg path {
  fill: #666687;
}

.c8:hover {
  border: 1px solid #7b79ff;
  background: #7b79ff;
}

.c8:active {
  border: 1px solid #4945ff;
  background: #4945ff;
}

.c8 svg > g,
.c8 svg path {
  fill: #ffffff;
}

.c41 {
  position: absolute;
  left: 0;
  right: 0;
  bottom: 0;
  top: 0;
  width: 100%;
  background: transparent;
  border: none;
}

.c41:focus {
  outline: none;
}

.c41[aria-disabled='true'] {
  cursor: not-allowed;
}

.c33 {
  border: none;
  border-radius: 4px;
  padding-bottom: 0.65625rem;
  padding-left: 16px;
  padding-right: 0;
  padding-top: 0.65625rem;
  color: #32324d;
  font-weight: 400;
  font-size: 0.875rem;
  display: block;
  width: 100%;
  background: inherit;
}

.c33::-webkit-input-placeholder {
  color: #8e8ea9;
  opacity: 1;
}

.c33::-moz-placeholder {
  color: #8e8ea9;
  opacity: 1;
}

.c33:-ms-input-placeholder {
  color: #8e8ea9;
  opacity: 1;
}

.c33::placeholder {
  color: #8e8ea9;
  opacity: 1;
}

.c33[aria-disabled='true'] {
  color: inherit;
}

.c33:focus {
  outline: none;
  box-shadow: none;
}

.c32 {
  border: 1px solid #dcdce4;
  border-radius: 4px;
  background: #ffffff;
  outline: none;
  box-shadow: 0;
  -webkit-transition-property: border-color,box-shadow,fill;
  transition-property: border-color,box-shadow,fill;
  -webkit-transition-duration: 0.2s;
  transition-duration: 0.2s;
}

.c32:focus-within {
  border: 1px solid #4945ff;
  box-shadow: #4945ff 0px 0px 0px 2px;
}

.c36 {
  border: none;
  background: transparent;
  font-size: 1.6rem;
  width: auto;
  padding: 0;
  display: -webkit-box;
  display: -webkit-flex;
  display: -ms-flexbox;
  display: flex;
  -webkit-align-items: center;
  -webkit-box-align: center;
  -ms-flex-align: center;
  align-items: center;
}

.c40 {
  position: relative;
  border: 1px solid #dcdce4;
  padding-right: 12px;
  border-radius: 4px;
  background: #ffffff;
  overflow: hidden;
  min-height: 2.5rem;
  outline: none;
  box-shadow: 0;
  -webkit-transition-property: border-color,box-shadow,fill;
  transition-property: border-color,box-shadow,fill;
  -webkit-transition-duration: 0.2s;
  transition-duration: 0.2s;
}

.c40:focus-within {
  border: 1px solid #4945ff;
  box-shadow: #4945ff 0px 0px 0px 2px;
}

.c45 {
  background: transparent;
  border: none;
  position: relative;
  z-index: 1;
}

.c45 svg {
  height: 0.6875rem;
  width: 0.6875rem;
}

.c45 svg path {
  fill: #666687;
}

.c47 {
  display: -webkit-box;
  display: -webkit-flex;
  display: -ms-flexbox;
  display: flex;
  background: none;
  border: none;
}

.c47 svg {
  width: 0.375rem;
}

.c42 {
  width: 100%;
}

.c0:focus-visible {
  outline: none;
}

.c19 {
  display: grid;
  grid-template-columns: repeat(12,1fr);
  gap: 20px;
}

.c20 {
  grid-column: span 6;
  max-width: 100%;
}

.c39 {
  color: #4945ff;
}

.c34::-ms-reveal {
  display: none;
}

.c37 svg {
  height: 1rem;
  width: 1rem;
}

.c37 svg path {
  fill: #666687;
}

@media (max-width:68.75rem) {
  .c20 {
    grid-column: span 12;
  }
}

@media (max-width:34.375rem) {
  .c20 {
    grid-column: span;
  }
}

<main
  aria-busy="false"
  aria-labelledby="main-content-title"
  class="c0"
  id="main-content"
  tabindex="-1"
>
  <form
    action="#"
    novalidate=""
  >
    <div
      style="height: 0px;"
    >
      <div
        class="c1 c2"
        data-strapi-header="true"
      >
        <div
          class="c1 c3"
        >
          <div
            class="c1 c4"
          >
            <h1
              class="c5 c6"
            >
              yolo
            </h1>
          </div>
          <button
            aria-disabled="false"
            class="c7 c8"
            type="submit"
          >
            <div
              aria-hidden="true"
              class="c1 c9 c10"
            >
              <svg
                fill="none"
                height="1em"
                viewBox="0 0 24 24"
                width="1em"
                xmlns="http://www.w3.org/2000/svg"
              >
                <path
                  d="M20.727 2.97a.2.2 0 01.286 0l2.85 2.89a.2.2 0 010 .28L9.554 20.854a.2.2 0 01-.285 0l-9.13-9.243a.2.2 0 010-.281l2.85-2.892a.2.2 0 01.284 0l6.14 6.209L20.726 2.97z"
                  fill="#212134"
                />
              </svg>
            </div>
            <span
              class="c5 c11"
            >
              Save
            </span>
          </button>
        </div>
      </div>
    </div>
    <div
      class="c1 c12"
    >
      <div
        class="c1 c13"
      >
        <div
          class="c1 c14 c15"
          spacing="6"
        >
          <div
            class="c1 c16"
          >
            <div
              class="c1 c14 c17"
              spacing="4"
            >
              <h2
                class="c5 c18"
              >
                Profile
              </h2>
              <div
                class="c1 c19"
              >
                <div
                  class="c20"
                >
                  <div
                    class="c1 "
                  >
                    <div>
                      <div>
                        <div
                          class="c21 c22"
                          spacing="1"
                        >
                          <label
                            class="c23"
                            for="firstname"
                          >
                            <div
                              class="c24"
                            >
                              First name
                              <span
                                class="c25 c26"
                              >
                                *
                              </span>
                            </div>
                          </label>
                          <div
                            class="c27 c28"
                          >
                            <input
                              aria-disabled="false"
                              aria-invalid="false"
                              aria-required="true"
                              class="c29"
                              id="firstname"
                              name="firstname"
                              placeholder=""
                              type="text"
                              value="michoko"
                            />
                          </div>
                        </div>
                      </div>
                    </div>
                  </div>
                </div>
                <div
                  class="c20"
                >
                  <div
                    class="c1 "
                  >
                    <div>
                      <div>
                        <div
                          class="c21 c22"
                          spacing="1"
                        >
                          <label
                            class="c23"
                            for="lastname"
                          >
                            <div
                              class="c24"
                            >
                              Last name
                            </div>
                          </label>
                          <div
                            class="c27 c28"
                          >
                            <input
                              aria-disabled="false"
                              aria-invalid="false"
                              aria-required="false"
                              class="c29"
                              id="lastname"
                              name="lastname"
                              placeholder=""
                              type="text"
                              value="ronronscelestes"
                            />
                          </div>
                        </div>
                      </div>
                    </div>
                  </div>
                </div>
                <div
                  class="c20"
                >
                  <div
                    class="c1 "
                  >
                    <div>
                      <div>
                        <div
                          class="c21 c22"
                          spacing="1"
                        >
                          <label
                            class="c23"
                            for="email"
                          >
                            <div
                              class="c24"
                            >
                              Email
                              <span
                                class="c25 c26"
                              >
                                *
                              </span>
                            </div>
                          </label>
                          <div
                            class="c27 c28"
                          >
                            <input
                              aria-disabled="false"
                              aria-invalid="false"
                              aria-required="true"
                              class="c29"
                              id="email"
                              name="email"
                              placeholder=""
                              type="email"
                              value="michka@michka.fr"
                            />
                          </div>
                        </div>
                      </div>
                    </div>
                  </div>
                </div>
                <div
                  class="c20"
                >
                  <div
                    class="c1 "
                  >
                    <div>
                      <div>
                        <div
                          class="c21 c22"
                          spacing="1"
                        >
                          <label
                            class="c23"
                            for="username"
                          >
                            <div
                              class="c24"
                            >
                              Username
                            </div>
                          </label>
                          <div
                            class="c27 c28"
                          >
                            <input
                              aria-disabled="false"
                              aria-invalid="false"
                              aria-required="false"
                              class="c29"
                              id="username"
                              name="username"
                              placeholder=""
                              type="text"
                              value="yolo"
                            />
                          </div>
                        </div>
                      </div>
                    </div>
                  </div>
                </div>
              </div>
            </div>
          </div>
          <div
            class="c1 c16"
          >
            <div
              class="c1 c14 c17"
              spacing="4"
            >
              <h2
                class="c5 c18"
              >
                Change password
              </h2>
              <div
                class="c1 c19"
              >
                <div
                  class="c20"
                >
                  <div
                    class="c1 "
                  >
                    <div>
                      <div>
                        <div
                          class="c1 c14 c30"
                          spacing="1"
                        >
                          <label
                            class="c5 c31"
                            for="textinput-1"
                          >
                            <div
                              class="c1 c4"
                            >
                              Current Password
                            </div>
                          </label>
                          <div
                            class="c1 c3 c32"
                          >
                            <input
                              aria-disabled="false"
                              aria-invalid="false"
                              aria-required="false"
                              class="c33 c34"
                              id="textinput-1"
                              name="currentPassword"
                              type="password"
                              value=""
                            />
                            <div
                              class="c1 c35"
                            >
                              <button
                                aria-label="Hide password"
                                class="c36 c37"
                                type="button"
                              >
                                <svg
                                  fill="none"
                                  height="1em"
                                  viewBox="0 0 24 24"
                                  width="1em"
                                  xmlns="http://www.w3.org/2000/svg"
                                >
                                  <path
                                    d="M4.048 6.875L2.103 4.93a1 1 0 111.414-1.415l16.966 16.966a1 1 0 11-1.414 1.415l-2.686-2.686a12.247 12.247 0 01-4.383.788c-3.573 0-6.559-1.425-8.962-3.783a15.842 15.842 0 01-2.116-2.568 11.096 11.096 0 01-.711-1.211 1.145 1.145 0 010-.875c.124-.258.36-.68.711-1.211.58-.876 1.283-1.75 2.116-2.569.326-.32.663-.622 1.01-.906zm10.539 10.539l-1.551-1.551a4.005 4.005 0 01-4.9-4.9L6.584 9.411a6 6 0 008.002 8.002zM7.617 4.787A12.248 12.248 0 0112 3.998c3.572 0 6.559 1.426 8.961 3.783a15.845 15.845 0 012.117 2.569c.351.532.587.954.711 1.211.116.242.115.636 0 .875-.124.257-.36.68-.711 1.211-.58.876-1.283 1.75-2.117 2.568-.325.32-.662.623-1.01.907l-2.536-2.537a6 6 0 00-8.002-8.002L7.617 4.787zm3.347 3.347A4.005 4.005 0 0116 11.998c0 .359-.047.706-.136 1.037l-4.9-4.901z"
                                    fill="#212134"
                                  />
                                </svg>
                              </button>
                            </div>
                          </div>
                        </div>
                      </div>
                    </div>
                  </div>
                </div>
              </div>
              <div
                class="c1 c19"
              >
                <div
                  class="c20"
                >
                  <div
                    class="c1 "
                  >
                    <div>
                      <div>
                        <div
                          class="c1 c14 c30"
                          spacing="1"
                        >
                          <label
                            class="c5 c31"
                            for="textinput-2"
                          >
                            <div
                              class="c1 c4"
                            >
                              Password
                            </div>
                          </label>
                          <div
                            class="c1 c3 c32"
                          >
                            <input
                              aria-disabled="false"
                              aria-invalid="false"
                              aria-required="false"
                              autocomplete="new-password"
                              class="c33 c34"
                              id="textinput-2"
                              name="password"
                              type="password"
                              value=""
                            />
                            <div
                              class="c1 c35"
                            >
                              <button
                                aria-label="Hide password"
                                class="c36 c37"
                                type="button"
                              >
                                <svg
                                  fill="none"
                                  height="1em"
                                  viewBox="0 0 24 24"
                                  width="1em"
                                  xmlns="http://www.w3.org/2000/svg"
                                >
                                  <path
                                    d="M4.048 6.875L2.103 4.93a1 1 0 111.414-1.415l16.966 16.966a1 1 0 11-1.414 1.415l-2.686-2.686a12.247 12.247 0 01-4.383.788c-3.573 0-6.559-1.425-8.962-3.783a15.842 15.842 0 01-2.116-2.568 11.096 11.096 0 01-.711-1.211 1.145 1.145 0 010-.875c.124-.258.36-.68.711-1.211.58-.876 1.283-1.75 2.116-2.569.326-.32.663-.622 1.01-.906zm10.539 10.539l-1.551-1.551a4.005 4.005 0 01-4.9-4.9L6.584 9.411a6 6 0 008.002 8.002zM7.617 4.787A12.248 12.248 0 0112 3.998c3.572 0 6.559 1.426 8.961 3.783a15.845 15.845 0 012.117 2.569c.351.532.587.954.711 1.211.116.242.115.636 0 .875-.124.257-.36.68-.711 1.211-.58.876-1.283 1.75-2.117 2.568-.325.32-.662.623-1.01.907l-2.536-2.537a6 6 0 00-8.002-8.002L7.617 4.787zm3.347 3.347A4.005 4.005 0 0116 11.998c0 .359-.047.706-.136 1.037l-4.9-4.901z"
                                    fill="#212134"
                                  />
                                </svg>
                              </button>
                            </div>
                          </div>
                        </div>
                      </div>
                    </div>
                  </div>
                </div>
                <div
                  class="c20"
                >
                  <div
                    class="c1 "
                  >
                    <div>
                      <div>
                        <div
                          class="c1 c14 c30"
                          spacing="1"
                        >
                          <label
                            class="c5 c31"
                            for="textinput-3"
                          >
                            <div
                              class="c1 c4"
                            >
                              Password confirmation
                            </div>
                          </label>
                          <div
                            class="c1 c3 c32"
                          >
                            <input
                              aria-disabled="false"
                              aria-invalid="false"
                              aria-required="false"
                              autocomplete="new-password"
                              class="c33 c34"
                              id="textinput-3"
                              name="confirmPassword"
                              type="password"
                              value=""
                            />
                            <div
                              class="c1 c35"
                            >
                              <button
                                aria-label="Hide password"
                                class="c36 c37"
                                type="button"
                              >
                                <svg
                                  fill="none"
                                  height="1em"
                                  viewBox="0 0 24 24"
                                  width="1em"
                                  xmlns="http://www.w3.org/2000/svg"
                                >
                                  <path
                                    d="M4.048 6.875L2.103 4.93a1 1 0 111.414-1.415l16.966 16.966a1 1 0 11-1.414 1.415l-2.686-2.686a12.247 12.247 0 01-4.383.788c-3.573 0-6.559-1.425-8.962-3.783a15.842 15.842 0 01-2.116-2.568 11.096 11.096 0 01-.711-1.211 1.145 1.145 0 010-.875c.124-.258.36-.68.711-1.211.58-.876 1.283-1.75 2.116-2.569.326-.32.663-.622 1.01-.906zm10.539 10.539l-1.551-1.551a4.005 4.005 0 01-4.9-4.9L6.584 9.411a6 6 0 008.002 8.002zM7.617 4.787A12.248 12.248 0 0112 3.998c3.572 0 6.559 1.426 8.961 3.783a15.845 15.845 0 012.117 2.569c.351.532.587.954.711 1.211.116.242.115.636 0 .875-.124.257-.36.68-.711 1.211-.58.876-1.283 1.75-2.117 2.568-.325.32-.662.623-1.01.907l-2.536-2.537a6 6 0 00-8.002-8.002L7.617 4.787zm3.347 3.347A4.005 4.005 0 0116 11.998c0 .359-.047.706-.136 1.037l-4.9-4.901z"
                                    fill="#212134"
                                  />
                                </svg>
                              </button>
                            </div>
                          </div>
                        </div>
                      </div>
                    </div>
                  </div>
                </div>
              </div>
            </div>
          </div>
          <div
            class="c1 c16"
          >
            <div
              class="c1 c14 c17"
              spacing="4"
            >
              <div
                class="c1 c14 c30"
                spacing="1"
              >
                <h2
                  class="c5 c18"
                >
                  Experience
                </h2>
                <span
                  class="c5 c38"
                >
                  Preference changes will apply only to you. More information is available 
                  <a
                    class="c39"
                    href="https://docs.strapi.io/developer-docs/latest/development/admin-customization.html#locales"
                    rel="noopener noreferrer"
                    target="_blank"
                  >
                    here
                  </a>
                  .
                </span>
              </div>
              <div
                class="c1 c19"
              >
                <div
                  class="c20"
                >
                  <div
                    class="c1 "
                  >
                    <div>
                      <div
                        class="c1 c14 c30"
                        spacing="1"
                      >
                        <span
                          class="c5 c31"
                          for="select-4"
                        >
                          <div
                            class="c1 c4"
                          >
                            Interface language
                          </div>
                        </span>
                        <div
                          class="c1 c4 c40"
                        >
                          <button
                            aria-describedby="select-4-hint"
                            aria-disabled="false"
                            aria-expanded="false"
                            aria-haspopup="listbox"
                            aria-labelledby="select-4-label select-4-content"
                            class="c41"
                            id="select-4"
                            type="button"
                          />
                          <div
                            class="c1 c3 c42"
                          >
                            <div
                              class="c1 c4"
                            >
                              <div
                                class="c1 c43"
                              >
                                <span
                                  class="c5 c44"
                                  id="select-4-content"
                                >
                                  Select
                                </span>
                              </div>
                            </div>
                            <div
                              class="c1 c4"
                            >
                              <button
                                aria-disabled="false"
                                aria-label="Clear the interface language selected"
                                class="c1 c45"
                                title="Clear the interface language selected"
                                type="button"
                              >
                                <svg
                                  fill="none"
                                  height="1em"
                                  viewBox="0 0 24 24"
                                  width="1em"
                                  xmlns="http://www.w3.org/2000/svg"
                                >
                                  <path
                                    d="M24 2.417L21.583 0 12 9.583 2.417 0 0 2.417 9.583 12 0 21.583 2.417 24 12 14.417 21.583 24 24 21.583 14.417 12 24 2.417z"
                                    fill="#212134"
                                  />
                                </svg>
                              </button>
                              <button
                                aria-hidden="true"
                                class="c1 c46 c45 c47"
                                tabindex="-1"
                                title="Carret Down Button"
                                type="button"
                              >
                                <svg
                                  fill="none"
                                  height="1em"
                                  viewBox="0 0 14 8"
                                  width="1em"
                                  xmlns="http://www.w3.org/2000/svg"
                                >
                                  <path
                                    clip-rule="evenodd"
                                    d="M14 .889a.86.86 0 01-.26.625L7.615 7.736A.834.834 0 017 8a.834.834 0 01-.615-.264L.26 1.514A.861.861 0 010 .889c0-.24.087-.45.26-.625A.834.834 0 01.875 0h12.25c.237 0 .442.088.615.264a.86.86 0 01.26.625z"
                                    fill="#32324D"
                                    fill-rule="evenodd"
                                  />
                                </svg>
                              </button>
                            </div>
                          </div>
                        </div>
                        <p
                          class="c5 c48"
                          id="select-4-hint"
                        >
                          This will only display your own interface in the chosen language.
                        </p>
                      </div>
                    </div>
                  </div>
                </div>
                <div
                  class="c20"
                >
                  <div
                    class="c1 "
                  >
                    <div>
                      <div
                        class="c1 c14 c30"
                        spacing="1"
                      >
                        <span
                          class="c5 c31"
                          for="select-5"
                        >
                          <div
                            class="c1 c4"
                          >
                            Interface mode
                          </div>
                        </span>
                        <div
                          class="c1 c4 c40"
                        >
                          <button
                            aria-describedby="select-5-hint"
                            aria-disabled="false"
                            aria-expanded="false"
                            aria-haspopup="listbox"
                            aria-labelledby="select-5-label select-5-content"
                            class="c41"
                            id="select-5"
                            type="button"
                          />
                          <div
                            class="c1 c3 c42"
                          >
                            <div
                              class="c1 c4"
                            >
                              <div
                                class="c1 c43"
                              >
                                <span
                                  class="c5 c44"
                                  id="select-5-content"
                                >
                                  Light mode
                                </span>
                              </div>
                            </div>
                            <div
                              class="c1 c4"
                            >
                              <button
                                aria-hidden="true"
                                class="c1 c46 c45 c47"
                                tabindex="-1"
                                title="Carret Down Button"
                                type="button"
                              >
                                <svg
                                  fill="none"
                                  height="1em"
                                  viewBox="0 0 14 8"
                                  width="1em"
                                  xmlns="http://www.w3.org/2000/svg"
                                >
                                  <path
                                    clip-rule="evenodd"
                                    d="M14 .889a.86.86 0 01-.26.625L7.615 7.736A.834.834 0 017 8a.834.834 0 01-.615-.264L.26 1.514A.861.861 0 010 .889c0-.24.087-.45.26-.625A.834.834 0 01.875 0h12.25c.237 0 .442.088.615.264a.86.86 0 01.26.625z"
                                    fill="#32324D"
                                    fill-rule="evenodd"
                                  />
                                </svg>
                              </button>
                            </div>
                          </div>
                        </div>
                        <p
                          class="c5 c48"
                          id="select-5-hint"
                        >
                          Displays your interface in the chosen mode.
                        </p>
                      </div>
                    </div>
                  </div>
                </div>
              </div>
            </div>
          </div>
        </div>
      </div>
    </div>
  </form>
</main>
`;
